
Loading design for application trce from file adder4bit00_adder4bit0.ncd.
Design name: adder4bit00
NCD version: 3.3
Vendor:      LATTICE
Device:      LCMXO2-7000HE
Package:     TQFP144
Performance: 5
Loading device for application trce from file 'xo2c7000.nph' in environment: C:/lscc/diamond/3.12/ispfpga.
Package Status:                     Final          Version 1.39.
Performance Hardware Data Status:   Final          Version 34.4.
Setup and Hold Report

--------------------------------------------------------------------------------
Lattice TRACE Report - Setup, Version Diamond (64-bit) 3.12.1.454
Mon Feb 28 15:59:55 2022

Copyright (c) 1991-1994 by NeoCAD Inc. All rights reserved.
Copyright (c) 1995 AT&T Corp.   All rights reserved.
Copyright (c) 1995-2001 Lucent Technologies Inc.  All rights reserved.
Copyright (c) 2001 Agere Systems   All rights reserved.
Copyright (c) 2002-2020 Lattice Semiconductor Corporation,  All rights reserved.

Report Information
------------------
Command line:    trce -v 10 -gt -sethld -sp 5 -sphld m -o adder4bit00_adder4bit0.twr -gui -msgset C:/Users/Mau/Documents/Arqui/practicas/02-adder4bit00/promote.xml adder4bit00_adder4bit0.ncd adder4bit00_adder4bit0.prf 
Design file:     adder4bit00_adder4bit0.ncd
Preference file: adder4bit00_adder4bit0.prf
Device,speed:    LCMXO2-7000HE,5
Report level:    verbose report, limited to 10 items per preference
--------------------------------------------------------------------------------

BLOCK ASYNCPATHS
BLOCK RESETPATHS
--------------------------------------------------------------------------------



================================================================================
Preference: Default path enumeration
            77 items scored, 0 timing errors detected.
--------------------------------------------------------------------------------

Report:   15.374ns delay SL to So[1]

   Name    Fanout   Delay (ns)          Site               Resource
PADI_DEL    ---     1.372          1.PAD to        1.PADDI SL
ROUTE         7     3.767        1.PADDI to     R17C12C.D1 SL_c
CTOF_DEL    ---     0.452     R17C12C.D1 to     R17C12C.F1 SLICE_1
ROUTE         2     0.392     R17C12C.F1 to     R17C12C.C0 CS[0]
CTOF_DEL    ---     0.452     R17C12C.C0 to     R17C12C.F0 SLICE_1
ROUTE         2     0.670     R17C12C.F0 to     R17C13C.C1 CS[1]
CTOF_DEL    ---     0.452     R17C13C.C1 to     R17C13C.F1 SLICE_0
ROUTE         2     0.392     R17C13C.F1 to     R17C13C.C0 CS[2]
CTOF_DEL    ---     0.452     R17C13C.C0 to     R17C13C.F0 SLICE_0
ROUTE         4     0.671     R17C13C.F0 to     R17C12A.C0 LED_c
CTOF_DEL    ---     0.452     R17C12A.C0 to     R17C12A.F0 SLICE_3
ROUTE         1     2.402     R17C12A.F0 to       50.PADDO So_c[1]
DOPAD_DEL   ---     3.448       50.PADDO to         50.PAD So[1]
                  --------
                   15.374   (46.1% logic, 53.9% route), 7 logic levels.

Report:   15.163ns delay SL to So[3]

   Name    Fanout   Delay (ns)          Site               Resource
PADI_DEL    ---     1.372          1.PAD to        1.PADDI SL
ROUTE         7     3.767        1.PADDI to     R17C12C.D1 SL_c
CTOF_DEL    ---     0.452     R17C12C.D1 to     R17C12C.F1 SLICE_1
ROUTE         2     0.392     R17C12C.F1 to     R17C12C.C0 CS[0]
CTOF_DEL    ---     0.452     R17C12C.C0 to     R17C12C.F0 SLICE_1
ROUTE         2     0.670     R17C12C.F0 to     R17C13C.C1 CS[1]
CTOF_DEL    ---     0.452     R17C13C.C1 to     R17C13C.F1 SLICE_0
ROUTE         2     0.862     R17C13C.F1 to     R17C13A.A1 CS[2]
CTOF_DEL    ---     0.452     R17C13A.A1 to     R17C13A.F1 SLICE_4
ROUTE         1     2.844     R17C13A.F1 to       55.PADDO So_c[3]
DOPAD_DEL   ---     3.448       55.PADDO to         55.PAD So[3]
                  --------
                   15.163   (43.7% logic, 56.3% route), 6 logic levels.

Report:   14.960ns delay SL to So[2]

   Name    Fanout   Delay (ns)          Site               Resource
PADI_DEL    ---     1.372          1.PAD to        1.PADDI SL
ROUTE         7     3.767        1.PADDI to     R17C12C.D1 SL_c
CTOF_DEL    ---     0.452     R17C12C.D1 to     R17C12C.F1 SLICE_1
ROUTE         2     0.392     R17C12C.F1 to     R17C12C.C0 CS[0]
CTOF_DEL    ---     0.452     R17C12C.C0 to     R17C12C.F0 SLICE_1
ROUTE         2     0.670     R17C12C.F0 to     R17C13C.C1 CS[1]
CTOF_DEL    ---     0.452     R17C13C.C1 to     R17C13C.F1 SLICE_0
ROUTE         2     0.392     R17C13C.F1 to     R17C13C.C0 CS[2]
CTOF_DEL    ---     0.452     R17C13C.C0 to     R17C13C.F0 SLICE_0
ROUTE         4     0.573     R17C13C.F0 to     R17C13D.D0 LED_c
CTOF_DEL    ---     0.452     R17C13D.D0 to     R17C13D.F0 SLICE_2
ROUTE         1     2.086     R17C13D.F0 to       52.PADDO So_c[2]
DOPAD_DEL   ---     3.448       52.PADDO to         52.PAD So[2]
                  --------
                   14.960   (47.3% logic, 52.7% route), 7 logic levels.

Report:   14.530ns delay SL to So[1]

   Name    Fanout   Delay (ns)          Site               Resource
PADI_DEL    ---     1.372          1.PAD to        1.PADDI SL
ROUTE         7     3.767        1.PADDI to     R17C12C.D0 SL_c
CTOF_DEL    ---     0.452     R17C12C.D0 to     R17C12C.F0 SLICE_1
ROUTE         2     0.670     R17C12C.F0 to     R17C13C.C1 CS[1]
CTOF_DEL    ---     0.452     R17C13C.C1 to     R17C13C.F1 SLICE_0
ROUTE         2     0.392     R17C13C.F1 to     R17C13C.C0 CS[2]
CTOF_DEL    ---     0.452     R17C13C.C0 to     R17C13C.F0 SLICE_0
ROUTE         4     0.671     R17C13C.F0 to     R17C12A.C0 LED_c
CTOF_DEL    ---     0.452     R17C12A.C0 to     R17C12A.F0 SLICE_3
ROUTE         1     2.402     R17C12A.F0 to       50.PADDO So_c[1]
DOPAD_DEL   ---     3.448       50.PADDO to         50.PAD So[1]
                  --------
                   14.530   (45.6% logic, 54.4% route), 6 logic levels.

Report:   14.447ns delay SL to So[0]

   Name    Fanout   Delay (ns)          Site               Resource
PADI_DEL    ---     1.372          1.PAD to        1.PADDI SL
ROUTE         7     3.767        1.PADDI to     R17C12C.D1 SL_c
CTOF_DEL    ---     0.452     R17C12C.D1 to     R17C12C.F1 SLICE_1
ROUTE         2     0.392     R17C12C.F1 to     R17C12C.C0 CS[0]
CTOF_DEL    ---     0.452     R17C12C.C0 to     R17C12C.F0 SLICE_1
ROUTE         2     0.670     R17C12C.F0 to     R17C13C.C1 CS[1]
CTOF_DEL    ---     0.452     R17C13C.C1 to     R17C13C.F1 SLICE_0
ROUTE         2     0.392     R17C13C.F1 to     R17C13C.C0 CS[2]
CTOF_DEL    ---     0.452     R17C13C.C0 to     R17C13C.F0 SLICE_0
ROUTE         4     0.573     R17C13C.F0 to     R17C13A.D0 LED_c
CTOF_DEL    ---     0.452     R17C13A.D0 to     R17C13A.F0 SLICE_4
ROUTE         1     1.573     R17C13A.F0 to       48.PADDO So_c[0]
DOPAD_DEL   ---     3.448       48.PADDO to         48.PAD So[0]
                  --------
                   14.447   (49.0% logic, 51.0% route), 7 logic levels.

Report:   14.426ns delay Ai[0] to So[1]

   Name    Fanout   Delay (ns)          Site               Resource
PADI_DEL    ---     1.372         14.PAD to       14.PADDI Ai[0]
ROUTE         2     2.819       14.PADDI to     R17C12C.B1 Ai_c[0]
CTOF_DEL    ---     0.452     R17C12C.B1 to     R17C12C.F1 SLICE_1
ROUTE         2     0.392     R17C12C.F1 to     R17C12C.C0 CS[0]
CTOF_DEL    ---     0.452     R17C12C.C0 to     R17C12C.F0 SLICE_1
ROUTE         2     0.670     R17C12C.F0 to     R17C13C.C1 CS[1]
CTOF_DEL    ---     0.452     R17C13C.C1 to     R17C13C.F1 SLICE_0
ROUTE         2     0.392     R17C13C.F1 to     R17C13C.C0 CS[2]
CTOF_DEL    ---     0.452     R17C13C.C0 to     R17C13C.F0 SLICE_0
ROUTE         4     0.671     R17C13C.F0 to     R17C12A.C0 LED_c
CTOF_DEL    ---     0.452     R17C12A.C0 to     R17C12A.F0 SLICE_3
ROUTE         1     2.402     R17C12A.F0 to       50.PADDO So_c[1]
DOPAD_DEL   ---     3.448       50.PADDO to         50.PAD So[1]
                  --------
                   14.426   (49.1% logic, 50.9% route), 7 logic levels.

Report:   14.392ns delay SL to LED

   Name    Fanout   Delay (ns)          Site               Resource
PADI_DEL    ---     1.372          1.PAD to        1.PADDI SL
ROUTE         7     3.767        1.PADDI to     R17C12C.D1 SL_c
CTOF_DEL    ---     0.452     R17C12C.D1 to     R17C12C.F1 SLICE_1
ROUTE         2     0.392     R17C12C.F1 to     R17C12C.C0 CS[0]
CTOF_DEL    ---     0.452     R17C12C.C0 to     R17C12C.F0 SLICE_1
ROUTE         2     0.670     R17C12C.F0 to     R17C13C.C1 CS[1]
CTOF_DEL    ---     0.452     R17C13C.C1 to     R17C13C.F1 SLICE_0
ROUTE         2     0.392     R17C13C.F1 to     R17C13C.C0 CS[2]
CTOF_DEL    ---     0.452     R17C13C.C0 to     R17C13C.F0 SLICE_0
ROUTE         4     2.543     R17C13C.F0 to       58.PADDO LED_c
DOPAD_DEL   ---     3.448       58.PADDO to         58.PAD LED
                  --------
                   14.392   (46.1% logic, 53.9% route), 6 logic levels.

Report:   14.319ns delay SL to So[3]

   Name    Fanout   Delay (ns)          Site               Resource
PADI_DEL    ---     1.372          1.PAD to        1.PADDI SL
ROUTE         7     3.767        1.PADDI to     R17C12C.D0 SL_c
CTOF_DEL    ---     0.452     R17C12C.D0 to     R17C12C.F0 SLICE_1
ROUTE         2     0.670     R17C12C.F0 to     R17C13C.C1 CS[1]
CTOF_DEL    ---     0.452     R17C13C.C1 to     R17C13C.F1 SLICE_0
ROUTE         2     0.862     R17C13C.F1 to     R17C13A.A1 CS[2]
CTOF_DEL    ---     0.452     R17C13A.A1 to     R17C13A.F1 SLICE_4
ROUTE         1     2.844     R17C13A.F1 to       55.PADDO So_c[3]
DOPAD_DEL   ---     3.448       55.PADDO to         55.PAD So[3]
                  --------
                   14.319   (43.1% logic, 56.9% route), 5 logic levels.

Report:   14.215ns delay Ai[0] to So[3]

   Name    Fanout   Delay (ns)          Site               Resource
PADI_DEL    ---     1.372         14.PAD to       14.PADDI Ai[0]
ROUTE         2     2.819       14.PADDI to     R17C12C.B1 Ai_c[0]
CTOF_DEL    ---     0.452     R17C12C.B1 to     R17C12C.F1 SLICE_1
ROUTE         2     0.392     R17C12C.F1 to     R17C12C.C0 CS[0]
CTOF_DEL    ---     0.452     R17C12C.C0 to     R17C12C.F0 SLICE_1
ROUTE         2     0.670     R17C12C.F0 to     R17C13C.C1 CS[1]
CTOF_DEL    ---     0.452     R17C13C.C1 to     R17C13C.F1 SLICE_0
ROUTE         2     0.862     R17C13C.F1 to     R17C13A.A1 CS[2]
CTOF_DEL    ---     0.452     R17C13A.A1 to     R17C13A.F1 SLICE_4
ROUTE         1     2.844     R17C13A.F1 to       55.PADDO So_c[3]
DOPAD_DEL   ---     3.448       55.PADDO to         55.PAD So[3]
                  --------
                   14.215   (46.6% logic, 53.4% route), 6 logic levels.

Report:   14.116ns delay SL to So[2]

   Name    Fanout   Delay (ns)          Site               Resource
PADI_DEL    ---     1.372          1.PAD to        1.PADDI SL
ROUTE         7     3.767        1.PADDI to     R17C12C.D0 SL_c
CTOF_DEL    ---     0.452     R17C12C.D0 to     R17C12C.F0 SLICE_1
ROUTE         2     0.670     R17C12C.F0 to     R17C13C.C1 CS[1]
CTOF_DEL    ---     0.452     R17C13C.C1 to     R17C13C.F1 SLICE_0
ROUTE         2     0.392     R17C13C.F1 to     R17C13C.C0 CS[2]
CTOF_DEL    ---     0.452     R17C13C.C0 to     R17C13C.F0 SLICE_0
ROUTE         4     0.573     R17C13C.F0 to     R17C13D.D0 LED_c
CTOF_DEL    ---     0.452     R17C13D.D0 to     R17C13D.F0 SLICE_2
ROUTE         1     2.086     R17C13D.F0 to       52.PADDO So_c[2]
DOPAD_DEL   ---     3.448       52.PADDO to         52.PAD So[2]
                  --------
                   14.116   (47.0% logic, 53.0% route), 6 logic levels.

Report:   15.374ns is the maximum delay for this preference.


================================================================================
Preference: Default net enumeration
            19 items scored, 0 timing errors detected.
--------------------------------------------------------------------------------

Report:    3.767ns maximum delay on SL_c

           Delays             Connection(s)
           3.011ns          1.PADDI to R17C13A.D1      
           3.767ns          1.PADDI to R17C12A.D1      
           3.321ns          1.PADDI to R17C13D.A1      
           3.767ns          1.PADDI to R17C12C.D1      
           3.767ns          1.PADDI to R17C12C.D0      
           3.361ns          1.PADDI to R17C13C.D1      
           3.352ns          1.PADDI to R17C13C.B0      

Report:    3.705ns maximum delay on Ai_c[3]

           Delays             Connection(s)
           3.705ns         11.PADDI to R17C13A.B1      
           3.364ns         11.PADDI to R17C13C.D0      

Report:    3.347ns maximum delay on Bi_c[3]

           Delays             Connection(s)
           3.152ns        132.PADDI to R17C13A.C1      
           3.347ns        132.PADDI to R17C13C.A0      

Report:    3.347ns maximum delay on Bi_c[2]

           Delays             Connection(s)
           3.037ns        133.PADDI to R17C13D.D1      
           3.347ns        133.PADDI to R17C13C.A1      

Report:    3.322ns maximum delay on Ai_c[0]

           Delays             Connection(s)
           3.322ns         14.PADDI to R17C13A.C0      
           2.819ns         14.PADDI to R17C12C.B1      

Report:    3.242ns maximum delay on Ai_c[2]

           Delays             Connection(s)
           3.242ns         12.PADDI to R17C13D.B0      
           2.892ns         12.PADDI to R17C13C.B1      

Report:    3.198ns maximum delay on Ai_c[1]

           Delays             Connection(s)
           2.857ns         13.PADDI to R17C12A.D0      
           3.198ns         13.PADDI to R17C12C.B0      

Report:    2.894ns maximum delay on Bi_c[0]

           Delays             Connection(s)
           2.894ns         23.PADDI to R17C13A.B0      
           2.131ns         23.PADDI to R17C12C.C1      

Report:    2.844ns maximum delay on So_c[3]

           Delays             Connection(s)
           2.844ns       R17C13A.F1 to 55.PADDO        

Report:    2.630ns maximum delay on Bi_c[1]

           Delays             Connection(s)
           2.630ns         24.PADDI to R17C12A.A1      
           2.630ns         24.PADDI to R17C12C.A0      

Report:    3.767ns is the maximum delay for this preference.

Report Summary
--------------
----------------------------------------------------------------------------
Preference                              |   Constraint|       Actual|Levels
----------------------------------------------------------------------------
                                        |             |             |
Default path enumeration                |     0.000 ns|    15.374 ns|   0  
                                        |             |             |
Default net enumeration                 |     0.000 ns|     3.767 ns|   0  
                                        |             |             |
----------------------------------------------------------------------------


All preferences were met.


Clock Domains Analysis
------------------------

Found 0 clocks:


Timing summary (Setup):
---------------

Timing errors: 0  Score: 0
Cumulative negative slack: 0

Constraints cover 77 paths, 19 nets, and 39 connections (100.00% coverage)

--------------------------------------------------------------------------------

