
Copyright (C) 1994-2020 Synopsys, Inc.
This Synopsys software and all associated documentation are proprietary to Synopsys, Inc.
and may only be used pursuant to the terms and conditions of a written license agreement
with Synopsys, Inc. All other use, reproduction, modification, or distribution of the
Synopsys software or the associated documentation is strictly prohibited.
Tool: Synplify Pro (R)
Build: Q-2020.03L-SP1
Install: C:\lscc\diamond\3.12\synpbase
OS: Windows 6.2

Hostname: UNKNOWN

Implementation : key0
Synopsys HDL compiler and linker, Version comp202003synp2, Build 182R, Built Oct 29 2020 10:49:53, @

Modified Files: 1
FID:  path (prevtimestamp, timestamp)
50       C:\Users\Mau\Documents\Arqui\practicas\Segundo Parcial\01-key00\coder00.vhdl (2022-05-04 00:06:13, 2022-05-13 11:36:15)

*******************************************************************
Modules that may have changed as a result of file changes: 1
MID:  lib.cell.view
0        work.coder00.coder0 may have changed because the following files changed:
                        C:\Users\Mau\Documents\Arqui\practicas\Segundo Parcial\01-key00\coder00.vhdl (2022-05-04 00:06:13, 2022-05-13 11:36:15) <-- (architecture and entity definition)

*******************************************************************
Unmodified files: 18
FID:  path (timestamp)
46       C:\Users\Mau\Documents\Arqui\practicas\Segundo Parcial\00-osc00-vhdl\div00.vhdl (2022-04-15 04:42:32)
47       C:\Users\Mau\Documents\Arqui\practicas\Segundo Parcial\00-osc00-vhdl\osc00.vhdl (2022-05-04 00:21:55)
48       C:\Users\Mau\Documents\Arqui\practicas\Segundo Parcial\00-osc00-vhdl\oscint00.vhdl (2022-05-04 00:20:55)
49       C:\Users\Mau\Documents\Arqui\practicas\Segundo Parcial\00-osc00-vhdl\packageosc00.vhdl (2022-05-04 00:20:55)
51       C:\Users\Mau\Documents\Arqui\practicas\Segundo Parcial\01-key00\contring00.vhdl (2022-04-15 04:40:32)
52       C:\Users\Mau\Documents\Arqui\practicas\Segundo Parcial\01-key00\key00.vhdl (2022-05-04 00:20:55)
53       C:\Users\Mau\Documents\Arqui\practicas\Segundo Parcial\01-key00\packagekey00.vhdl (2022-05-04 00:21:29)
35       C:\lscc\diamond\3.12\cae_library\synthesis\vhdl\machxo2.vhd (2018-11-14 23:32:12)
36       C:\lscc\diamond\3.12\synpbase\lib\cpld\lattice.vhd (2020-10-29 09:20:44)
37       C:\lscc\diamond\3.12\synpbase\lib\vhd\arith.vhd (2020-10-29 09:23:10)
38       C:\lscc\diamond\3.12\synpbase\lib\vhd\hyperents.vhd (2020-10-29 09:23:10)
39       C:\lscc\diamond\3.12\synpbase\lib\vhd\location.map (2020-11-02 16:26:20)
40       C:\lscc\diamond\3.12\synpbase\lib\vhd\numeric.vhd (2020-10-29 09:23:10)
41       C:\lscc\diamond\3.12\synpbase\lib\vhd\snps_haps_pkg.vhd (2020-10-29 09:23:10)
42       C:\lscc\diamond\3.12\synpbase\lib\vhd\std.vhd (2020-10-29 09:23:10)
43       C:\lscc\diamond\3.12\synpbase\lib\vhd\std1164.vhd (2020-10-29 09:23:10)
44       C:\lscc\diamond\3.12\synpbase\lib\vhd\umr_capim.vhd (2020-10-29 09:23:10)
45       C:\lscc\diamond\3.12\synpbase\lib\vhd\unsigned.vhd (2020-10-29 09:23:10)

*******************************************************************
Unchanged modules: 10
MID:  lib.cell.view
2        work.contring00.contring0
3        work.contring00.vhdl
4        work.div00.div0
5        work.div00.vhdl
12       work.key00.key0
13       work.key00.vhdl
6        work.osc00.osc0
7        work.osc00.vhdl
14       work.oscint00.oscint0
15       work.oscint00.vhdl
